// Jest Snapshot v1, https://goo.gl/fbAQLP

exports[`Testing Page Not Found Component Should return page not found snapshot 1`] = `
<div
  className="loading"
>
  <img
    alt="No such page exist"
    src="pageNotFound.jpg"
  />
</div>
`;
